// Jest Snapshot v1, https://goo.gl/fbAQLP

exports[`MenuBar -> Menu component Should renders properly 1`] = `
<div
  className="absolute bg-gray-700 bg-opacity-50 p-1 rounded-md left-0 border border-gray-500 border-box top-5"
/>
`;
